# Patch v33.0.4 when 33.0.5 is missing: create it first, then move/close/open 33.0.6
# columns (tab): <action> <repo> <args> -- create: title, due=<date|-> | setdue: #ms, date | move: #issue, #ms | close: #ms
create	nextcloud/server	Nextcloud 33.0.5	due=-
move	nextcloud/server	100	11
close	nextcloud/server	10
create	nextcloud/server	Nextcloud 33.0.6	due=-
