move issue #500 to milestone #11 in nextcloud/server
close milestone #10 in nextcloud/server
create milestone "Nextcloud 33.0.6" in nextcloud/server
move issue #501 to milestone #21 in nextcloud/activity
close milestone #20 in nextcloud/activity
create milestone "Nextcloud 33.0.6" in nextcloud/activity
