# Tag v34.0.1 across a mixed set: new, already-tagged, default-branch fallback, server (immutable), and a repo with no branch
# results (tab): <repo> <status> <branch> <detail>
# tags (tab): <action> <repo> <tag> <sha> -- tag | retag adds force=<bool>
nextcloud/activity	OK	stable34	created v34.0.1
nextcloud/notes	SKIPPED	stable34	already tagged
nextcloud/photos	OK	main	created v34.0.1
nextcloud/server	SKIPPED	stable34	already tagged
nextcloud/ghost	FAILED	-	no branch found

tag	nextcloud/activity	v34.0.1	sha-activity
tag	nextcloud/photos	v34.0.1	sha-photos
