Results:
  nextcloud/activity: OK on stable34 (created v34.0.1)
  nextcloud/notes: SKIPPED on stable34 (already tagged)
  nextcloud/photos: OK on main (created v34.0.1)
  nextcloud/server: SKIPPED on stable34 (already tagged)
  nextcloud/ghost: FAILED (no branch found)

Tags written:
  tag nextcloud/activity as v34.0.1 (at sha-activity)
  tag nextcloud/photos as v34.0.1 (at sha-photos)
